Info: Starting: Create simulation model
Info: qsys-generate E:\program\FPGA\AD9250\core_pll.qsys --simulation=VERILOG --allow-mixed-language-simulation --output-directory=E:\program\FPGA\AD9250\core_pll --family="Arria 10" --part=10AS027H4F34I3SG
Progress: Loading AD9250/core_pll.qsys
Progress: Reading input file
Progress: Adding iopll_0 [altera_iopll 16.1]
Progress: Parameterizing module iopll_0
Progress: Building connections
Progress: Parameterizing connections
Progress: Validating
Progress: Done reading input file
Info: core_pll.iopll_0: Able to implement PLL with user settings
Info: core_pll: "Transforming system: core_pll"
Info: core_pll: Running transform generation_view_transform
Info: core_pll: Running transform generation_view_transform took 0.000s
Info: iopll_0: Running transform generation_view_transform
Info: iopll_0: Running transform generation_view_transform took 0.000s
Info: core_pll: Running transform merlin_avalon_transform
Info: core_pll: Running transform merlin_avalon_transform took 0.068s
Info: core_pll: "Naming system components in system: core_pll"
Info: core_pll: "Processing generation queue"
Info: core_pll: "Generating: core_pll"
Info: core_pll: "Generating: core_pll_altera_iopll_161_ep46qai"
Info: core_pll: Done "core_pll" with 2 modules, 2 files
Info: qsys-generate succeeded.
Info: Finished: Create simulation model
Info: Starting: Create Modelsim Project.
Info: sim-script-gen --spd=E:\program\FPGA\AD9250\core_pll\core_pll.spd --output-directory=E:/program/FPGA/AD9250/core_pll/sim/ --use-relative-paths=true
Info: Doing: ip-make-simscript --spd=E:\program\FPGA\AD9250\core_pll\core_pll.spd --output-directory=E:/program/FPGA/AD9250/core_pll/sim/ --use-relative-paths=true
Info: Generating the following file(s) for MODELSIM simulator in E:/program/FPGA/AD9250/core_pll/sim/ directory:
Info: 	mentor/msim_setup.tcl
Info: Generating the following file(s) for VCS simulator in E:/program/FPGA/AD9250/core_pll/sim/ directory:
Info: 	synopsys/vcs/vcs_setup.sh
Info: Generating the following file(s) for VCSMX simulator in E:/program/FPGA/AD9250/core_pll/sim/ directory:
Info: 	synopsys/vcsmx/synopsys_sim.setup
Info: 	synopsys/vcsmx/vcsmx_setup.sh
Info: Generating the following file(s) for NCSIM simulator in E:/program/FPGA/AD9250/core_pll/sim/ directory:
Info: 	cadence/cds.lib
Info: 	cadence/hdl.var
Info: 	cadence/ncsim_setup.sh
Info: 	1 .cds.lib files in cadence/cds_libs/ directory
Info: Generating the following file(s) for RIVIERA simulator in E:/program/FPGA/AD9250/core_pll/sim/ directory:
Info: 	aldec/rivierapro_setup.tcl
Info: For information on how to simulate your IP, see the explanatory comments in the simulator-specific subdirectories under E:/program/FPGA/AD9250/core_pll/sim/.
Info: Regenerate these scripts whenever you make any change to any Quartus-generated IP in your project.
Info: Finished: Create Modelsim Project.
Info: Starting: Create block symbol file (.bsf)
Info: qsys-generate E:\program\FPGA\AD9250\core_pll.qsys --block-symbol-file --output-directory=E:\program\FPGA\AD9250\core_pll --family="Arria 10" --part=10AS027H4F34I3SG
Progress: Loading AD9250/core_pll.qsys
Progress: Reading input file
Progress: Adding iopll_0 [altera_iopll 16.1]
Progress: Parameterizing module iopll_0
Progress: Building connections
Progress: Parameterizing connections
Progress: Validating
Progress: Done reading input file
Info: core_pll.iopll_0: Able to implement PLL with user settings
Info: qsys-generate succeeded.
Info: Finished: Create block symbol file (.bsf)
Info: 
Info: Starting: Create HDL design files for synthesis
Info: qsys-generate E:\program\FPGA\AD9250\core_pll.qsys --synthesis=VERILOG --output-directory=E:\program\FPGA\AD9250\core_pll --family="Arria 10" --part=10AS027H4F34I3SG
Progress: Loading AD9250/core_pll.qsys
Progress: Reading input file
Progress: Adding iopll_0 [altera_iopll 16.1]
Progress: Parameterizing module iopll_0
Progress: Building connections
Progress: Parameterizing connections
Progress: Validating
Progress: Done reading input file
Info: core_pll.iopll_0: Able to implement PLL with user settings
Info: core_pll: "Transforming system: core_pll"
Info: core_pll: Running transform generation_view_transform
Info: core_pll: Running transform generation_view_transform took 0.000s
Info: iopll_0: Running transform generation_view_transform
Info: iopll_0: Running transform generation_view_transform took 0.000s
Info: core_pll: Running transform merlin_avalon_transform
Info: core_pll: Running transform merlin_avalon_transform took 0.070s
Info: core_pll: "Naming system components in system: core_pll"
Info: core_pll: "Processing generation queue"
Info: core_pll: "Generating: core_pll"
Info: core_pll: "Generating: core_pll_altera_iopll_161_ep46qai"
Info: core_pll: Done "core_pll" with 2 modules, 3 files
Info: qsys-generate succeeded.
Info: Finished: Create HDL design files for synthesis
